22:57:57 **** Incremental Build of configuration Debug for project interrupt_config_example ****
make -j8 all 
arm-none-eabi-gcc "../Src/main.c" -mcpu=cortex-m4 -std=gnu11 -g3 -DDEBUG -DSTM32 -DSTM32F407G_DISC1 -DSTM32F4 -DSTM32F407VGTx -c -I../Inc -O0 -ffunction-sections -fdata-sections -Wall -fstack-usage -fcyclomatic-complexity -MMD -MP -MF"Src/main.d" -MT"Src/main.o" --specs=nano.specs -mfloat-abi=soft -mthumb -o "Src/main.o"
arm-none-eabi-gcc -o "interrupt_config_example.elf" @"objects.list"   -mcpu=cortex-m4 -T"C:\Users\vinaykumar\Desktop\Youtube_Workspace\interrupt_config_example\STM32F407VGTX_FLASH.ld" --specs=nosys.specs -Wl,-Map="interrupt_config_example.map" -Wl,--gc-sections -static --specs=nano.specs -mfloat-abi=soft -mthumb -Wl,--start-group -lc -lm -Wl,--end-group
Finished building target: interrupt_config_example.elf
 
arm-none-eabi-size  interrupt_config_example.elf 
arm-none-eabi-objdump -h -S interrupt_config_example.elf  > "interrupt_config_example.list"
   text	   data	    bss	    dec	    hex	filename
   3620	    104	   1904	   5628	   15fc	interrupt_config_example.elf
Finished building: default.size.stdout
 
Finished building: interrupt_config_example.list
 

22:57:57 Build Finished. 0 errors, 0 warnings. (took 468ms)

